
> spoint@0.1.700 check
> node scripts/check.mjs

check: parsing 737 git-tracked source file(s) under src, client, apps, scripts, bin (untracked scratch is not scanned)
check: 737 source files parse cleanly
check: transform-validation guardrail intact (3 write-boundary files)
check: check-relative-imports: 1446 relative specifier(s) in 829 tracked file(s) (12 untracked file(s) not scanned)
check: check-relative-imports: every relative specifier resolves, and all 1816 named relative import(s) name an export that exists
[check-cache-keys] COLLISION_GRID_CODE_VERSION: 3e24b726a9a7 matches its producing source
[check-cache-keys] SNAPSHOT_ENCODE_CODE_VERSION: 1ae17a87cb3c matches its producing source
[check-cache-keys] SNAPSHOT_ENTITY_ENC_CODE_VERSION: dd7da6939902 matches its producing source
[check-cache-keys] GLB_TRANSFORM: all 6 imported file(s) declared (codeVersion e26cd61c7fd5)
[check-cache-keys] KTX2_EXTRACT: all 7 imported file(s) declared (codeVersion 7b58845e77ab)
[check-cache-keys] PROGRESSIVE_BAKE: all 4 imported file(s) declared (codeVersion 5dfd04b6cea2)
[check-cache-keys] MINIMAP_BAKE: all 23 imported file(s) declared (codeVersion 934efaf96ee5)
[check-cache-keys] HEIGHTFIELD_BAKE: all 24 imported file(s) declared (codeVersion 9018f0ea7b87)
[check-cache-keys] COLLISION_GRID: all 3 imported file(s) declared (codeVersion 3e24b726a9a7)
[check-cache-keys] SNAPSHOT_ENTITY_ENC: all 7 imported file(s) declared (codeVersion dd7da6939902)
[check-cache-keys] verifying 1 shipped .hf artifact(s)
[check-cache-keys] apps\world\tps-game.hf: height code version 9018f0ea7b87 matches this tree
[check-cache-keys] 7 bake transforms declare their whole import closure
check: check-tsl-imports: 501 named import(s) from three/tsl, three/webgpu, three across 34 file(s) (three 0.185.1)
check: check-tsl-imports: every named import exists in the installed export list
check: apps-manifest.json is in sync with ./apps
check: generated SDK typings match src/apps/AppContext.js
check: gpu-free witness msgpack-negative-zero-witness.mjs 0.3 s, exit 0, RESULT: PASS
check: gpu-free witness app-event-dispatch-error-witness.mjs 0.2 s, exit 0, RESULT: PASS -- 8 of 8 check(s) passed
check: gpu-free witness lattice-dir-cache-witness.mjs 0.7 s, exit 0, RESULT: PASS -- 200000 chunk key(s) agree and 4170 ring key(s) across 200 ring(s) hold the unit-radius and chord bounds
check: gpu-free witness lattice-ring-bound-witness.mjs 2.0 s, exit 0, RESULT: PASS (missing 0, beyond 0, veg 28.25 us, edge 37.14 us, corner 44.32 us, rock 19.09 us)
check: gpu-free witness veg-painted-surface-witness.mjs 2.4 s, exit 0, RESULT: PASS -- 181 placement(s) over 7680 cell(s), of which 878 snow-dominant carrying 0 and 849 bare-sand carrying 0; determinism true
check: gpu-free witness physics-body-pool-witness.mjs 4.6 s, exit 0, RESULT: PASS (8/8)
check: gpu-free witness physics-motion-recreate-witness.mjs 4.8 s, exit 0, RESULT: PASS (8/8)
check: gpu-free witness terrain-reseed-failure-witness.mjs 8.7 s, exit 0, [reseed-witness] RESULT: PASS
check: gpu-free witness ep-progressive-lod-schema-witness.mjs 3.0 s, exit 0, [ep-progressive-lod-witness] RESULT: PASS (0 failure(s))
check: gpu-free witness tps-game-player-movement-witness.mjs 52.1 s, exit 0, no RESULT: line, so exit 0 is the verdict
check: gpu-free witness placement-climate-gate-witness.mjs 1.0 s, exit 0, RESULT: PASS identical true over 343 veg and 42 rock placement(s); CPU per chunk veg 350.0/347.2 us, rock 86.1/175.0 us over 343/343/42/42 placement(s) (quarter-chunk control 126 of 343)
check: gpu-free witness check-cache-keys-scope-witness.mjs 5.8 s, exit 0, RESULT: PASS
check: gpu-free witness edge-collider-draco-witness.mjs 2.0 s, exit 0, [edge-collider-draco-witness] RESULT: PASS (0 failure(s))
check: gpu-free witness collider-ring-scale-witness.mjs 30.8 s, exit 0, [ring-scale] RESULT: PASS
check: gpu-free witness collider-ring-boot-batches-witness.mjs 5.8 s, exit 0, [boot-batches] RESULT: PASS
check: 15 gpu-free witness(es) ran in 123.9 s with no GPU required
