[boot] using world: deathrun (apps\world\deathrun.js)
[boot] loading from: C:\dev\spoint\apps, C:\dev\spoint\src\stdlib-apps
[apps-manifest] fresh dist\client\apps-manifest.json (68 app(s), 130 source file(s) fingerprinted, unchanged, 43ms)
[apps-manifest] fresh world-scoped dist\client\worlds\deathrun\apps-manifest.json (8 of 68 app(s), unchanged, 0ms)
[server] serving PREBUILT BUNDLE from dist/client/app.js (built 2026-10-07T14:02:11.662Z)
[server] dist/src/sdk/WorkerEntry.js is STALE (built 2026-10-07T12:29:31.951Z, a bundled src/ or packages/ input edited 2026-10-07T13:32:37.947Z) -- falling through to raw ESM worker
[static] precompressed 4489 asset(s)
(node:14864) [DEP0152] DeprecationWarning: Custom PerformanceEntry accessors are deprecated. Please use the detail property.
(Use `node --trace-deprecation ...` to show where the warning was created)
[placed-model] loaded 4 saved entities
[world-persistence] snapshot world mismatch (saved="tps-game" current="deathrun") -- discarding, booting clean
[prewarm] SPOINT_SKIP_PREWARM set -- skipping full apps/-tree GLB/VRM prewarm (assets will transform lazily on first request instead)
[progressive] awaiting 1 environment bake(s) before serving
[server] EDITOR_TOKEN is not set and this server binds 0.0.0.0 (all interfaces, not loopback-only) -- editor auth and non-loopback debug/upload endpoints are OPEN to any network peer that can reach this host. Set EDITOR_TOKEN before exposing this server beyond localhost.
[hmr] dev hot module replacement on: 538 modules graphed, serving prebuilt bundle until the first client edit; events at /__hmr/events
[hmr] [::1]:3189 bridged to 127.0.0.1 so http://localhost:3189 connects without the IPv6 fallback delay
[server] http://localhost:3189 @ 64 TPS
[identity] pid=14864 sha=eeae8892 root=C:\dev\spoint cwd=C:\dev\spoint
[identity] mapspinner@0.1.264 -> C:\dev\spoint\packages\mapspinner
[identity] streaming-gltf@2.0.22 -> C:\dev\spoint\packages\streaming-gltf
[identity] GET /__identity returns this as JSON
[deathrun] 2 checkpoint(s) loaded for map 'deathrun_kosova' (finish index 1)
TRACE {
 "trace": [
  {
   "k": "worldDef",
   "t": 5027,
   "wc": 0,
   "models": []
  },
  {
   "k": "reveal",
   "t": 6354,
   "wd": null,
   "wc": 0,
   "meshes": 8
  }
 ],
 "warm": {
  "ts": 1791381882163,
  "wallMs": 811.1149999946356,
  "manifestDriven": false,
  "manifestUrls": null,
  "total": 9,
  "manifestedCount": 0,
  "residentCount": 8,
  "manifestedUrls": [],
  "residentModelUrls": [
   "./apps/maps/deathrun_kosova.glb"
  ]
 },
 "meshes": [
  null,
  null,
  null,
  null,
  null,
  null,
  null,
  "./apps/maps/deathrun_kosova.glb"
 ]
}
[physics] peak bodies 1/10240, peak active 0, contact manifolds 0/10240
