(node:22868) [DEP0152] DeprecationWarning: Custom PerformanceEntry accessors are deprecated. Please use the detail property.
(Use `node --trace-deprecation ...` to show where the warning was created)
[loadWorld] adopted worldDef.player capsule config into physicsIntegration (createServer() was called without config.playerConfig): radius=0.28 halfHeight=0.63
[terrain] collider using BAKED heightfield (hashVersion 2, N=257, extent=256m, spacing 100cm, height code 9018f0ea7b87) instead of the GPU patch bake: the GLSL patch baker draws only hashVersion 1 and this world resolves to hashVersion 2, which carries an integer hash and a carve term the legacy GLSL terrain has no code for
[terrain] planet heightfield COARSE N=64 extent=256m built 17ms id=8388608 -> refining to N=128 off the boot path
[terrain] planet heightfield refined N=64 -> N=128 spacing=2.02m in 25ms(sample 23ms) id=8388609
[veg] initial ring: 66/384 collider(s) over 47 chunk(s) for 1 center(s) of maxCenters 192 (default), dropped 0 (radius 64m keep 70.4m) in 46.7ms over 1 cluster batch(es) of 8 (pool prewarm 2.4ms)
[rocks] initial ring: 0/128 collider(s) over 20 chunk(s) for 1 center(s) of maxCenters 192 (default), dropped 0 (radius 32m keep 35.2m) in 8.8ms over 1 cluster batch(es) of 8 (pool prewarm 0.0ms)
   0.00s [terrain] [terrain] config registered (streamer owned by engine boot order)
[combat] 4 spawn point(s), 0 saved record(s)
[trimesh] dropped 23 degenerate (zero-area) triangle(s) from C:\dev\spoint\apps\maps\aim_sillos.glb
[placed-model] loaded 4 saved entities
{
  "arm": "run",
  "players": 4,
  "entities": 11,
  "activeDynamicIds": 0,
  "collisionEntities": 0,
  "interactableIds": 0,
  "tickRate": 64,
  "ticks": 121,
  "runMs": 262,
  "ticksPerSec": 461.83,
  "row1_activeDynPerTick": 0,
  "row1_binIdenticalPerTick": 0,
  "row1_identicalFraction": 0,
  "row1_newBuffersPerTick": 0,
  "row1_binByteMismatchTotal": 0,
  "row1_newBuffersPerSample": 0,
  "row1_primeHitsPerTick": 0,
  "row1_primeHitFraction": 0,
  "row1_changedWithPosDiff": 0,
  "row1_changedWithRotDiff": 0,
  "row1_changedWithVelDiff": 0,
  "row2_encodeEntityPerTick": 0.55,
  "row2_getSnapshotCallsPerTick": 1,
  "row2_encodePerSnapshotCall": 0.09,
  "row2_entitiesChangedPerTick": 0.09,
  "row2_entitiesSampledPerTick": 11,
  "row2_snapshotStaleTotal": 0,
  "row2_snapshotChecks": 1331,
  "row3_colEntitiesPerTick": 0,
  "row3_colUnchangedPerTick": 0,
  "row3_unchangedFraction": 0,
  "row3_gridPathTicks": 0,
  "row3_rebucketsPerTick": 0,
  "row3_colMsPerTick": 0.00149,
  "row4_interactPairsPerTick": 0,
  "row4_idleTickFraction": 1,
  "row4_distanceTestsPerTick": 0,
  "row4_interactMsPerTick": 0.00474,
  "correctness_interactArm": "skipped-no-interactable",
  "correctness_overlapArm": "skipped-too-few",
  "correctness_snapshotMembership": "complete",
  "correctness_retainArm": "heldSame=true tickAdvanced=true liveChanged=0",
  "correctness_movedEntityArm": "skipped-no-dynamic",
  "clientErrors": 0
}
[physics] peak bodies 174/10240, peak active 0, contact manifolds 0/10240
