[veg-lod-browser] --rebuild-bundle: running scripts/bundle-client.mjs before boot ...
▲ [WARNING] The glob pattern import("./hud/Chat.js?hr=*") did not match any files [empty-glob]

    client/app.js:1269:15:
      1269 │         import('./hud/Chat.js?hr=' + (payload.timestamp || Date....
           ╵                ~~~~~~~~~~~~~~~~~~~

1 warning

  dist\client\ez-tree.es-AFA3XRFR.js   3.8mb
  dist\client\app.js                   1.1mb
  dist\client\chunk-WRG2FGJI.js       48.1kb
  dist\client\XRSystem-P7ELQKSK.js    15.4kb
  dist\client\chunk-ZTRHXE5B.js        9.5kb
  ...and 29 more output files...

Done in 344ms
[bundle-client] wrote dist/client
[bundle-client] stamped dist\client\app.bundlehash.json ed8438ca79396f34 (207 bundled inputs, artifact b9838109fecc5999)
[bundle-apps-manifest] resolving 68 app(s) (all ./apps directories): agent-fsm-demo, agent-interactive-demo, agent-physics-demo, agent-simple-demo, agent-spawner-demo, box-buoyant, box-dynamic, box-static, button, capture-zone, character-animator, character-controller, checkpoint-marker, collectible, combat-bot, deathrun, destructible-box, destructible-debris, ecs-demo, editor-apps, editor-events, editor-hierarchy, editor-inspector, example-progression, final-boss, fire-duel, fluid-source, fluid3d-source, fsm-arena, goblin, gold-coin, hit-feedback, item-pickup, lockstep-rts, matrix-construct-room, mini-boss, moving-platform, npc, npc-navigator, pickup, placed-model, playtest-bot, prop-dynamic, prop-static, respawn-zone, rpg-tutorial, rts-unit, shrinking-zone, shrinking-zone-ring, softbody-cloth, spawn-point, tank, terrain, tower, tps-game, trigger-volume, tutorial, tutorial-boss, tutorial-herb, tutorial-marker, tutorial-npc, tutorial-rat, tutorial-rpg, tutorial-rpg-world, unmanaged-ball-test, vehicle, waypoint, weapon-spawn
[bundle-apps-manifest] C:\dev\spoint\dist\client\apps-manifest.json unchanged (68 apps)
[boot] using world: tps-game (apps\world\tps-game.js)
[boot] loading from: C:\dev\spoint\apps, C:\dev\spoint\src\stdlib-apps
[apps-manifest] fresh dist\client\apps-manifest.json (68 app(s), 132 source file(s) fingerprinted, unchanged, 48ms)
[apps-manifest] fresh world-scoped dist\client\worlds\tps-game\apps-manifest.json (26 of 68 app(s), unchanged, 6ms)
[server] serving PREBUILT BUNDLE from dist/client/app.js (dist/client/app.js matches its stamp (ed8438ca79396f34))
[server] dist/src/sdk/WorkerEntry.js is STALE (inputs-changed: stamped 4bb0435733e052ee vs inputs 38540abf73d54158, artifact d5354e7afbd23a88 vs d5354e7afbd23a88, built 1791396115138.6707 vs inputs 1791397160297.8562) -- falling through to raw ESM worker
(node:6064) [DEP0152] DeprecationWarning: Custom PerformanceEntry accessors are deprecated. Please use the detail property.
(Use `node --trace-deprecation ...` to show where the warning was created)
[terrain] collider using BAKED heightfield (hashVersion 2, N=257, extent=256m, spacing 100cm, height code 9018f0ea7b87) instead of the GPU patch bake: the GLSL patch baker draws only hashVersion 1 and this world resolves to hashVersion 2, which carries an integer hash and a carve term the legacy GLSL terrain has no code for
[terrain] planet heightfield COARSE N=64 extent=256m built 23ms id=8388608 -> refining to N=128 off the boot path
[terrain] planet heightfield refined N=64 -> N=128 spacing=2.02m in 30ms(sample 27ms) id=8388609
[veg] initial ring: 66/384 collider(s) over 47 chunk(s) for 1 center(s) of maxCenters 192 (default), dropped 0 (radius 64m keep 70.4m) in 60.3ms over 1 cluster batch(es) of 8 (pool prewarm 3.4ms)
[rocks] initial ring: 0/128 collider(s) over 20 chunk(s) for 1 center(s) of maxCenters 192 (default), dropped 0 (radius 32m keep 35.2m) in 9.1ms over 1 cluster batch(es) of 8 (pool prewarm 0.0ms)
   0.00s [terrain] [terrain] config registered (streamer owned by engine boot order)
[trimesh] dropped 23 degenerate (zero-area) triangle(s) from C:\dev\spoint\apps\maps\aim_sillos.glb
[combat] 4 spawn point(s), 37 saved record(s)
[placed-model] loaded 4 saved entities
[world-persistence] restored snapshot: tick=19200 entities=11 bodies=0
[prewarm] SPOINT_SKIP_PREWARM set -- skipping full apps/-tree GLB/VRM prewarm (assets will transform lazily on first request instead)
[progressive] awaiting 1 environment bake(s) before serving
[server] EDITOR_TOKEN is not set and this server binds 0.0.0.0 (all interfaces, not loopback-only) -- editor auth and non-loopback debug/upload endpoints are OPEN to any network peer that can reach this host. Set EDITOR_TOKEN before exposing this server beyond localhost.
[server] http://localhost:31563 @ 64 TPS
[identity] pid=6064 sha=3a429642 root=C:\dev\spoint cwd=C:\dev\spoint
[identity] mapspinner@0.1.264 -> C:\dev\spoint\packages\mapspinner
[identity] streaming-gltf@2.0.22 -> C:\dev\spoint\packages\streaming-gltf
[identity] GET /__identity returns this as JSON
[veg-lod-browser] server up on 31563
[static] precompressed 4517 asset(s)
[veg-lod-browser] navigating http://localhost:31563/?singleplayer&webgpu=1&world=tps-game&at=200,0&v=1791397411199
[veg-lod-browser] served client-root=bundle sha=b9838109fecc bytes=1101561 hash-verified=bundle required=bundle
[veg-lod-browser] gpu: {"rasterizer":"accelerated","renderer":"ANGLE (NVIDIA, NVIDIA GeForce RTX 3060 Laptop GPU (0x00002520) Direct3D11 vs_5_0 ps_5_0, D3D11)","adapter":{"vendor":"nvidia","architecture":"ampere","device":null,"description":null}}
[veg-lod-browser] waiting: {"hasScene":false,"hasCamera":false,"hasVeg":false,"vegInstances":0,"vegLoads":0,"vegMeshes":0,"hasTerrain":false,"revealedAt":null,"glHooks":false}
[veg-lod-browser] ready: {"hasScene":true,"hasCamera":true,"hasVeg":true,"vegInstances":4171,"vegLoads":1854,"vegMeshes":45,"hasTerrain":true,"revealedAt":19926.515000000596,"glHooks":false}
[veg-lod-browser] after walk: {"hasScene":true,"hasCamera":true,"hasVeg":true,"vegInstances":4171,"vegLoads":1854,"vegMeshes":45,"hasTerrain":true,"revealedAt":19926.515000000596,"glHooks":false}
[veg-lod-browser] instancers: {"instancers":90,"instances":8342,"minPerInstancer":0,"maxPerInstancer":405,"gridUsable":54,"gridCells":121,"gridInstances":405,"glHooks":false}
[veg-lod-browser] still: {"frames":181,"seconds":3.01,"updateCallsPerFrame":90,"planeTestsPerFrame":779.6,"recordsPerFrame":512.3,"survivors":272,"cameraMovedM":1.53}
[veg-lod-browser] moving: {"frames":341,"seconds":6.01,"updateCallsPerFrame":90,"planeTestsPerFrame":2098.4,"recordsPerFrame":1285.3,"survivors":234,"cameraMovedM":43.5}
[veg-lod-browser] oracle: {"moduleSha":"26c5b0f5da807bb6","frames":40,"mismatches":0,"firstMismatch":null,"survivorsLast":251}
[veg-lod-browser] placement-edit: {"instancer":0,"countBefore":101,"countAfter":101,"edited":10,"rebuildFrameRecords":68,"rebuildFramePlaneTests":6,"gridInstancesBefore":101,"gridInstancesAfter":101,"gridUsableAfter":true,"survivorsBefore":4,"survivorsAfter":0}
json: C:\dev\spoint\data\perf-run\veg-lod-browser-before-f73df536.json
[physics] peak bodies 134/10240, peak active 0, contact manifolds 0/10240
RESULT: PASS
