[prediction-drift] booting server on 22320 world=e2e-ci-arena
[boot] using world: e2e-ci-arena (apps\world\_fixtures\e2e-ci-arena.js)
[boot] loading from: C:\dev\spoint\apps, C:\dev\spoint\src\stdlib-apps
[apps-manifest] fresh dist\client\apps-manifest.json (68 app(s), 130 source file(s) fingerprinted, unchanged, 55ms)
[server] serving PREBUILT BUNDLE from dist/client/app.js (built 2026-10-07T11:53:29.935Z)
[server] dist/src/sdk/WorkerEntry.js is STALE (built 2026-10-07T10:07:04.169Z, a bundled src/ or packages/ input edited 2026-10-07T11:54:12.439Z) -- falling through to raw ESM worker
[static-cache] pruned 2 stale entries from C:\dev\spoint\.spoint-cache\static
[static] precompressed 4473 asset(s)
(node:21356) [DEP0152] DeprecationWarning: Custom PerformanceEntry accessors are deprecated. Please use the detail property.
(Use `node --trace-deprecation ...` to show where the warning was created)
[placed-model] loaded 4 saved entities
[world-persistence] snapshot world mismatch (saved="tps-game" current="e2e-ci-arena") -- discarding, booting clean
[prewarm] SPOINT_SKIP_PREWARM set -- skipping full apps/-tree GLB/VRM prewarm (assets will transform lazily on first request instead)
[server] EDITOR_TOKEN is not set and this server binds 0.0.0.0 (all interfaces, not loopback-only) -- editor auth and non-loopback debug/upload endpoints are OPEN to any network peer that can reach this host. Set EDITOR_TOKEN before exposing this server beyond localhost.
[server] http://localhost:22320 @ 60 TPS
[identity] pid=21356 sha=db9cb136 root=C:\dev\spoint cwd=C:\dev\spoint
[identity] mapspinner@0.1.264 -> C:\dev\spoint\packages\mapspinner
[identity] streaming-gltf@2.0.22 -> C:\dev\spoint\packages\streaming-gltf
[identity] GET /__identity returns this as JSON
[prediction-drift] server loop forced to 10 Hz while it keeps advertising 60 Hz, so clients send faster than it consumes
[prediction-drift] gpuMode=nvidia rasterizer=accelerated idA=2 idB=1
[prediction-drift] steady-state warmup done after 24s at 42 fps (wanted >= 30)
[prediction-drift] state keys: ["players","entities","dots"]
[prediction-drift] probe shape: {"tick":null,"frames":279,"inputSeq":1378,"lastAckedSeq":1233,"historyLen":144}
[prediction-drift] holding KeyW for 8000ms
  [hold] t=0.83s divergence=5.483 unacked=135 serverTravel=0.000
  [hold] t=1.64s divergence=10.850 unacked=152 serverTravel=0.000
  [hold] t=2.46s divergence=16.333 unacked=141 serverTravel=0.000
  [hold] t=3.26s divergence=15.283 unacked=131 serverTravel=2.800
  [hold] t=4.07s divergence=17.267 unacked=148 serverTravel=4.200
  [hold] t=5.04s divergence=17.033 unacked=146 serverTravel=7.000
  [hold] t=5.86s divergence=15.867 unacked=136 serverTravel=9.800
  [hold] t=6.71s divergence=14.817 unacked=127 serverTravel=12.600
  [hold] t=7.52s divergence=16.917 unacked=145 serverTravel=14.000
  [hold] t=8.32s divergence=15.633 unacked=134 serverTravel=16.800
[prediction-drift] hold=8.33s clientTravel=32.550m serverTravel=16.800m ratio=0.516
[prediction-drift] inputsSent=480 (57.6/s) serverTps=10.0 unacked=135 historyLen=135
[prediction-drift] settling 6000ms with no input
  [settle] dt=17ms divergence=15.750 errorOffset=0.054 rtt=1.13990389938305 bufferHealth=0 unacked=135 history=135
  [settle] dt=223ms divergence=16.250 errorOffset=0.013 rtt=1.13990389938305 bufferHealth=0 unacked=147 history=147
  [settle] dt=426ms divergence=12.867 errorOffset=1.997 rtt=1.13990389938305 bufferHealth=0 unacked=130 history=130
  [settle] dt=634ms divergence=12.867 errorOffset=1.997 rtt=1.13990389938305 bufferHealth=0 unacked=142 history=142
  [settle] dt=841ms divergence=12.867 errorOffset=0.572 rtt=1.3549279245372874 bufferHealth=0 unacked=154 history=154
  [settle] dt=1057ms divergence=9.483 errorOffset=2.555 rtt=1.3549279245372874 bufferHealth=0 unacked=138 history=138
  [settle] dt=1277ms divergence=9.483 errorOffset=0.335 rtt=1.3549279245372874 bufferHealth=0 unacked=150 history=150
  [settle] dt=1484ms divergence=6.100 errorOffset=0.293 rtt=1.3549279245372874 bufferHealth=0 unacked=133 history=133
  [settle] dt=1697ms divergence=6.100 errorOffset=0.020 rtt=1.3549279245372874 bufferHealth=0 unacked=145 history=145
  [settle] dt=1928ms divergence=2.717 errorOffset=1.793 rtt=2.5161959434029653 bufferHealth=0 unacked=129 history=129
  [settle] dt=2151ms divergence=2.717 errorOffset=0.110 rtt=2.5161959434029653 bufferHealth=0 unacked=142 history=142
  [settle] dt=2370ms divergence=0.000 errorOffset=2.759 rtt=2.5161959434029653 bufferHealth=0 unacked=127 history=127
  [settle] dt=2637ms divergence=0.000 errorOffset=0.514 rtt=2.5161959434029653 bufferHealth=0 unacked=142 history=142
  [settle] dt=2857ms divergence=0.000 errorOffset=0.514 rtt=2.1371469575522237 bufferHealth=0 unacked=155 history=155
  [settle] dt=3409ms divergence=0.000 errorOffset=0.514 rtt=2.1371469575522237 bufferHealth=0 unacked=129 history=129
  [settle] dt=3664ms divergence=0.000 errorOffset=0.007 rtt=2.1371469575522237 bufferHealth=0 unacked=143 history=143
  [settle] dt=3877ms divergence=0.000 errorOffset=0.000 rtt=2.1371469575522237 bufferHealth=0 unacked=156 history=156
  [settle] dt=4092ms divergence=0.000 errorOffset=0.000 rtt=2.1371469575522237 bufferHealth=0 unacked=139 history=139
  [settle] dt=4308ms divergence=0.000 errorOffset=0.000 rtt=2.1371469575522237 bufferHealth=0 unacked=152 history=152
  [settle] dt=4518ms divergence=0.000 errorOffset=0.000 rtt=2.1371469575522237 bufferHealth=0 unacked=135 history=135
  [settle] dt=4727ms divergence=0.000 errorOffset=0.000 rtt=2.1371469575522237 bufferHealth=0 unacked=147 history=147
  [settle] dt=4932ms divergence=0.000 errorOffset=0.000 rtt=1.8528602181641678 bufferHealth=0 unacked=131 history=131
  [settle] dt=5143ms divergence=0.000 errorOffset=0.000 rtt=1.8528602181641678 bufferHealth=0 unacked=143 history=143
  [settle] dt=5344ms divergence=0.000 errorOffset=0.000 rtt=1.8528602181641678 bufferHealth=0 unacked=126 history=126
  [settle] dt=5551ms divergence=0.000 errorOffset=0.000 rtt=1.8528602181641678 bufferHealth=0 unacked=137 history=137
  [settle] dt=5759ms divergence=0.000 errorOffset=0.000 rtt=1.8528602181641678 bufferHealth=0 unacked=149 history=149
  [settle] dt=5971ms divergence=0.000 errorOffset=0.000 rtt=1.639645163623126 bufferHealth=0 unacked=132 history=132
[prediction-drift] final clientTravel=22.400m serverTravel=22.400m B-view-of-A=[0,1.4,22.4]
[prediction-drift] residual divergence after 6000ms of no input = 0.0000m
[prediction-drift] peak unacked during the hold = 152 (cap 24), peak divergence = 17.267m (cap 6m), unacked at release = 134
[prediction-drift] RESULT: FAIL gpuMode=nvidia rasterizer=accelerated (settled below 0.8m: [0,0,0,0,0]; lead bounded: false)
[prediction-drift] DIAGNOSIS serverAppliedFraction=1.000 serverTps=10.0 clientFramesPerSec=50.76
[physics] peak bodies 1/10240, peak active 0, contact manifolds 0/10240
EXIT=1
