[prediction-drift] booting server on 25537 world=e2e-ci-arena
[boot] using world: e2e-ci-arena (apps\world\_fixtures\e2e-ci-arena.js)
[boot] loading from: C:\dev\spoint\apps, C:\dev\spoint\src\stdlib-apps
[apps-manifest] fresh dist\client\apps-manifest.json (68 app(s), 130 source file(s) fingerprinted, unchanged, 105ms)
[server] serving PREBUILT BUNDLE from dist/client/app.js (built 2026-10-07T11:53:29.935Z)
[server] dist/src/sdk/WorkerEntry.js is STALE (built 2026-10-07T10:07:04.169Z, a bundled src/ or packages/ input edited 2026-10-07T11:56:33.130Z) -- falling through to raw ESM worker
[static] precompressed 4474 asset(s)
(node:14560) [DEP0152] DeprecationWarning: Custom PerformanceEntry accessors are deprecated. Please use the detail property.
(Use `node --trace-deprecation ...` to show where the warning was created)
[placed-model] loaded 4 saved entities
[world-persistence] snapshot world mismatch (saved="tps-game" current="e2e-ci-arena") -- discarding, booting clean
[prewarm] SPOINT_SKIP_PREWARM set -- skipping full apps/-tree GLB/VRM prewarm (assets will transform lazily on first request instead)
[server] EDITOR_TOKEN is not set and this server binds 0.0.0.0 (all interfaces, not loopback-only) -- editor auth and non-loopback debug/upload endpoints are OPEN to any network peer that can reach this host. Set EDITOR_TOKEN before exposing this server beyond localhost.
[server] http://localhost:25537 @ 60 TPS
[identity] pid=14560 sha=6f9f55ad root=C:\dev\spoint cwd=C:\dev\spoint
[identity] mapspinner@0.1.264 -> C:\dev\spoint\packages\mapspinner
[identity] streaming-gltf@2.0.22 -> C:\dev\spoint\packages\streaming-gltf
[identity] GET /__identity returns this as JSON
[prediction-drift] server loop forced to 10 Hz while it keeps advertising 60 Hz, so clients send faster than it consumes
[prediction-drift] gpuMode=nvidia rasterizer=accelerated idA=1 idB=2
[prediction-drift] steady-state warmup done after 23s at 55 fps (wanted >= 30)
[prediction-drift] state keys: ["players","entities","dots"]
[prediction-drift] probe shape: {"tick":null,"frames":388,"inputSeq":953,"lastAckedSeq":938,"historyLen":14}
[prediction-drift] holding KeyW for 8000ms
  [hold] t=0.84s divergence=1.867 unacked=16 serverTravel=5.600
  [hold] t=1.64s divergence=1.867 unacked=16 serverTravel=16.800
  [hold] t=2.45s divergence=1.867 unacked=16 serverTravel=28.000
  [hold] t=3.26s divergence=1.867 unacked=16 serverTravel=39.200
  [hold] t=4.06s divergence=1.517 unacked=13 serverTravel=51.800
  [hold] t=4.87s divergence=1.633 unacked=14 serverTravel=63.000
  [hold] t=5.68s divergence=1.633 unacked=14 serverTravel=74.200
  [hold] t=6.48s divergence=1.633 unacked=14 serverTravel=85.400
  [hold] t=7.29s divergence=1.750 unacked=15 serverTravel=96.600
  [hold] t=8.09s divergence=3.147 unacked=14 serverTravel=107.800
[prediction-drift] hold=8.09s clientTravel=109.433m serverTravel=107.800m ratio=0.985
[prediction-drift] inputsSent=323 (39.9/s) serverTps=10.0 unacked=14 historyLen=14
[prediction-drift] settling 6000ms with no input
  [settle] dt=8ms divergence=3.147 errorOffset=4.552 rtt=1.059761500860615 bufferHealth=0 unacked=14 history=14
  [settle] dt=210ms divergence=4.258 errorOffset=0.000 rtt=1.059761500860615 bufferHealth=0 unacked=15 history=15
  [settle] dt=414ms divergence=4.090 errorOffset=3.087 rtt=1.059761500860615 bufferHealth=0 unacked=12 history=12
  [settle] dt=634ms divergence=5.954 errorOffset=0.000 rtt=1.0448211256454611 bufferHealth=0 unacked=16 history=16
  [settle] dt=847ms divergence=5.959 errorOffset=5.769 rtt=1.0448211256454611 bufferHealth=0 unacked=16 history=16
  [settle] dt=1051ms divergence=5.961 errorOffset=2.886 rtt=1.0448211256454611 bufferHealth=0 unacked=16 history=16
  [settle] dt=1260ms divergence=4.794 errorOffset=2.878 rtt=1.0448211256454611 bufferHealth=0 unacked=13 history=13
  [settle] dt=1467ms divergence=4.796 errorOffset=3.483 rtt=1.0448211256454611 bufferHealth=0 unacked=13 history=13
  [settle] dt=1677ms divergence=5.184 errorOffset=0.000 rtt=1.033615844234096 bufferHealth=0 unacked=14 history=14
  [settle] dt=1884ms divergence=5.184 errorOffset=5.775 rtt=1.033615844234096 bufferHealth=0 unacked=14 history=14
  [settle] dt=2098ms divergence=5.576 errorOffset=6.095 rtt=1.033615844234096 bufferHealth=0 unacked=15 history=15
  [settle] dt=2302ms divergence=5.576 errorOffset=2.894 rtt=1.033615844234096 bufferHealth=0 unacked=15 history=15
  [settle] dt=2508ms divergence=0.483 errorOffset=0.423 rtt=1.033615844234096 bufferHealth=0 unacked=15 history=15
  [settle] dt=2712ms divergence=0.483 errorOffset=0.368 rtt=1.0252118831755719 bufferHealth=0 unacked=15 history=15
  [settle] dt=2926ms divergence=0.530 errorOffset=0.862 rtt=1.0252118831755719 bufferHealth=0 unacked=16 history=16
  [settle] dt=3130ms divergence=0.530 errorOffset=1.349 rtt=1.0252118831755719 bufferHealth=0 unacked=16 history=16
  [settle] dt=3335ms divergence=0.530 errorOffset=0.493 rtt=1.0252118831755719 bufferHealth=0 unacked=16 history=16
  [settle] dt=3548ms divergence=0.530 errorOffset=0.987 rtt=1.0189089123816788 bufferHealth=0 unacked=16 history=16
  [settle] dt=3762ms divergence=0.395 errorOffset=0.668 rtt=1.0189089123816788 bufferHealth=0 unacked=13 history=13
  [settle] dt=3970ms divergence=0.395 errorOffset=0.716 rtt=1.0189089123816788 bufferHealth=0 unacked=13 history=13
  [settle] dt=4172ms divergence=0.395 errorOffset=1.211 rtt=1.0189089123816788 bufferHealth=0 unacked=13 history=13
  [settle] dt=4380ms divergence=0.395 errorOffset=1.698 rtt=1.0189089123816788 bufferHealth=0 unacked=13 history=13
  [settle] dt=4585ms divergence=0.438 errorOffset=0.757 rtt=1.014181684286259 bufferHealth=0 unacked=14 history=14
  [settle] dt=4791ms divergence=0.438 errorOffset=0.832 rtt=1.014181684286259 bufferHealth=0 unacked=14 history=14
  [settle] dt=4995ms divergence=0.483 errorOffset=1.327 rtt=1.014181684286259 bufferHealth=0 unacked=15 history=15
  [settle] dt=5198ms divergence=0.438 errorOffset=0.362 rtt=1.014181684286259 bufferHealth=0 unacked=14 history=14
  [settle] dt=5404ms divergence=0.483 errorOffset=0.850 rtt=1.014181684286259 bufferHealth=0 unacked=15 history=15
  [settle] dt=5607ms divergence=0.483 errorOffset=1.344 rtt=1.2606362632146944 bufferHealth=0 unacked=15 history=15
  [settle] dt=5812ms divergence=0.483 errorOffset=0.579 rtt=1.2606362632146944 bufferHealth=0 unacked=15 history=15
[prediction-drift] final clientTravel=138.775m serverTravel=138.420m B-view-of-A=[0,-100,138.42]
[prediction-drift] residual divergence after 6000ms of no input = 0.4827m
[prediction-drift] peak unacked during the hold = 16 (cap 24), peak divergence = 3.147m (cap 6m), unacked at release = 14
[prediction-drift] RESULT: PASS gpuMode=nvidia rasterizer=accelerated (settled below 0.8m: [0.48265308452333616,0.4377776757701135,0.48265308452333616,0.48265308452333616,0.48265308452333616]; lead bounded: true)
[prediction-drift] DIAGNOSIS serverAppliedFraction=0.997 serverTps=10.0 clientFramesPerSec=19.28
[physics] peak bodies 1/10240, peak active 0, contact manifolds 0/10240
EXIT=0
