[prediction-drift] booting server on 26710 world=e2e-ci-arena
[boot] using world: e2e-ci-arena (apps\world\_fixtures\e2e-ci-arena.js)
[boot] loading from: C:\dev\spoint\apps, C:\dev\spoint\src\stdlib-apps
[apps-manifest] fresh dist\client\apps-manifest.json (68 app(s), 130 source file(s) fingerprinted, unchanged, 64ms)
[server] serving PREBUILT BUNDLE from dist/client/app.js (built 2026-10-07T11:18:36.725Z)
[server] dist/src/sdk/WorkerEntry.js is STALE (built 2026-10-07T10:07:04.169Z, a bundled src/ or packages/ input edited 2026-10-07T11:20:47.358Z) -- falling through to raw ESM worker
[static] precompressed 4472 asset(s)
(node:3396) [DEP0152] DeprecationWarning: Custom PerformanceEntry accessors are deprecated. Please use the detail property.
(Use `node --trace-deprecation ...` to show where the warning was created)
[placed-model] loaded 4 saved entities
[world-persistence] snapshot world mismatch (saved="tps-game" current="e2e-ci-arena") -- discarding, booting clean
[prewarm] SPOINT_SKIP_PREWARM set -- skipping full apps/-tree GLB/VRM prewarm (assets will transform lazily on first request instead)
[server] EDITOR_TOKEN is not set and this server binds 0.0.0.0 (all interfaces, not loopback-only) -- editor auth and non-loopback debug/upload endpoints are OPEN to any network peer that can reach this host. Set EDITOR_TOKEN before exposing this server beyond localhost.
[server] http://localhost:26710 @ 60 TPS
[identity] pid=3396 sha=adebda57 root=C:\dev\spoint cwd=C:\dev\spoint
[identity] mapspinner@0.1.264 -> C:\dev\spoint\packages\mapspinner
[identity] streaming-gltf@2.0.22 -> C:\dev\spoint\packages\streaming-gltf
[identity] GET /__identity returns this as JSON
[prediction-drift] server loop forced to 10 Hz while it keeps advertising 60 Hz, so clients send faster than it consumes
[TickHandler] tick 220 overran budget: 42.97ms > 33.33ms (budget 16.67ms) players:1
[prediction-drift] gpuMode=nvidia rasterizer=accelerated idA=1 idB=2
[prediction-drift] steady-state warmup done after 84s at 54 fps (wanted >= 30)
[prediction-drift] state keys: ["players","entities","dots"]
[prediction-drift] probe shape: {"tick":null,"frames":656,"inputSeq":2912,"lastAckedSeq":2895,"historyLen":16}
[prediction-drift] holding KeyW for 8000ms
  [hold] t=0.83s divergence=1.867 unacked=16 serverTravel=5.600
  [hold] t=1.64s divergence=1.517 unacked=13 serverTravel=18.200
  [hold] t=2.45s divergence=1.517 unacked=13 serverTravel=29.400
  [hold] t=3.26s divergence=1.633 unacked=14 serverTravel=40.600
  [hold] t=4.07s divergence=1.517 unacked=13 serverTravel=51.800
  [hold] t=4.87s divergence=1.633 unacked=14 serverTravel=63.000
  [hold] t=5.67s divergence=1.633 unacked=14 serverTravel=74.200
  [hold] t=6.49s divergence=1.633 unacked=14 serverTravel=85.400
  [hold] t=7.29s divergence=1.750 unacked=15 serverTravel=96.600
  [hold] t=8.10s divergence=2.907 unacked=13 serverTravel=107.800
[prediction-drift] hold=8.10s clientTravel=109.317m serverTravel=107.800m ratio=0.986
[prediction-drift] inputsSent=321 (39.6/s) serverTps=10.0 unacked=13 historyLen=13
[prediction-drift] settling 6000ms with no input
  [settle] dt=8ms divergence=2.907 errorOffset=4.346 rtt=1.2444856014219436 bufferHealth=0 unacked=13 history=13
  [settle] dt=211ms divergence=4.562 errorOffset=0.000 rtt=1.2444856014219436 bufferHealth=0 unacked=16 history=16
  [settle] dt=421ms divergence=5.535 errorOffset=5.349 rtt=1.1833642010664578 bufferHealth=0 unacked=16 history=16
  [settle] dt=626ms divergence=5.563 errorOffset=2.716 rtt=1.1833642010664578 bufferHealth=0 unacked=15 history=15
  [settle] dt=838ms divergence=5.959 errorOffset=0.000 rtt=1.1833642010664578 bufferHealth=0 unacked=16 history=16
  [settle] dt=1047ms divergence=4.793 errorOffset=0.000 rtt=1.1833642010664578 bufferHealth=0 unacked=13 history=13
  [settle] dt=1254ms divergence=4.794 errorOffset=5.771 rtt=1.1833642010664578 bufferHealth=0 unacked=13 history=13
  [settle] dt=1463ms divergence=5.184 errorOffset=0.828 rtt=0.8875231507998433 bufferHealth=0 unacked=14 history=14
  [settle] dt=1667ms divergence=4.796 errorOffset=3.884 rtt=0.8875231507998433 bufferHealth=0 unacked=13 history=13
  [settle] dt=1883ms divergence=5.575 errorOffset=7.403 rtt=0.8875231507998433 bufferHealth=0 unacked=15 history=15
  [settle] dt=2088ms divergence=5.576 errorOffset=2.887 rtt=0.8875231507998433 bufferHealth=0 unacked=15 history=15
  [settle] dt=2295ms divergence=5.576 errorOffset=1.861 rtt=1.1656423630998825 bufferHealth=0 unacked=15 history=15
  [settle] dt=2505ms divergence=0.483 errorOffset=2.687 rtt=1.1656423630998825 bufferHealth=0 unacked=15 history=15
  [settle] dt=2711ms divergence=0.530 errorOffset=3.083 rtt=1.1656423630998825 bufferHealth=0 unacked=16 history=16
  [settle] dt=2921ms divergence=0.530 errorOffset=0.590 rtt=1.1656423630998825 bufferHealth=0 unacked=16 history=16
  [settle] dt=3126ms divergence=0.530 errorOffset=1.053 rtt=1.1656423630998825 bufferHealth=0 unacked=16 history=16
  [settle] dt=3338ms divergence=0.530 errorOffset=1.538 rtt=1.1242317723249118 bufferHealth=0 unacked=16 history=16
  [settle] dt=3541ms divergence=0.355 errorOffset=0.997 rtt=1.1242317723249118 bufferHealth=0 unacked=12 history=12
  [settle] dt=3754ms divergence=0.395 errorOffset=0.638 rtt=1.1242317723249118 bufferHealth=0 unacked=13 history=13
  [settle] dt=3963ms divergence=0.395 errorOffset=1.133 rtt=1.1242317723249118 bufferHealth=0 unacked=13 history=13
  [settle] dt=4168ms divergence=0.395 errorOffset=1.628 rtt=1.1242317723249118 bufferHealth=0 unacked=13 history=13
  [settle] dt=4382ms divergence=0.483 errorOffset=0.442 rtt=1.093173829243684 bufferHealth=0 unacked=15 history=15
  [settle] dt=4592ms divergence=0.483 errorOffset=0.937 rtt=1.093173829243684 bufferHealth=0 unacked=15 history=15
  [settle] dt=4797ms divergence=0.530 errorOffset=1.432 rtt=1.093173829243684 bufferHealth=0 unacked=16 history=16
  [settle] dt=5005ms divergence=0.530 errorOffset=1.927 rtt=1.093173829243684 bufferHealth=0 unacked=16 history=16
  [settle] dt=5213ms divergence=0.530 errorOffset=0.694 rtt=1.093173829243684 bufferHealth=0 unacked=16 history=16
  [settle] dt=5421ms divergence=0.530 errorOffset=0.619 rtt=1.069880371932763 bufferHealth=0 unacked=16 history=16
  [settle] dt=5625ms divergence=0.530 errorOffset=1.114 rtt=1.069880371932763 bufferHealth=0 unacked=16 history=16
  [settle] dt=5838ms divergence=0.530 errorOffset=1.609 rtt=1.069880371932763 bufferHealth=0 unacked=16 history=16
[prediction-drift] final clientTravel=139.008m serverTravel=138.700m B-view-of-A=[0,-100,138.7]
[prediction-drift] residual divergence after 6000ms of no input = 0.3952m
[prediction-drift] peak unacked during the hold = 16 (cap 24), peak divergence = 2.907m (cap 6m), unacked at release = 13
[prediction-drift] RESULT: PASS gpuMode=nvidia rasterizer=accelerated (settled below 0.8m: [0.5298422448656944,0.5298422448656944,0.5298422448656944,0.5298422448656944,0.5298422448656944]; lead bounded: true)
[prediction-drift] DIAGNOSIS serverAppliedFraction=0.998 serverTps=10.0 clientFramesPerSec=11.73
[physics] peak bodies 1/10240, peak active 0, contact manifolds 0/10240
EXIT=0
