[prediction-drift] booting server on 23083 world=e2e-ci-arena
[boot] using world: e2e-ci-arena (apps\world\_fixtures\e2e-ci-arena.js)
[boot] loading from: C:\dev\spoint\apps, C:\dev\spoint\src\stdlib-apps
[apps-manifest] fresh dist\client\apps-manifest.json (68 app(s), 130 source file(s) fingerprinted, unchanged, 69ms)
[server] serving PREBUILT BUNDLE from dist/client/app.js (built 2026-10-07T11:18:36.725Z)
[server] dist/src/sdk/WorkerEntry.js is STALE (built 2026-10-07T10:07:04.169Z, a bundled src/ or packages/ input edited 2026-10-07T11:20:47.358Z) -- falling through to raw ESM worker
[static] precompressed 4470 asset(s)
(node:18852) [DEP0152] DeprecationWarning: Custom PerformanceEntry accessors are deprecated. Please use the detail property.
(Use `node --trace-deprecation ...` to show where the warning was created)
[placed-model] loaded 4 saved entities
[world-persistence] snapshot world mismatch (saved="tps-game" current="e2e-ci-arena") -- discarding, booting clean
[prewarm] SPOINT_SKIP_PREWARM set -- skipping full apps/-tree GLB/VRM prewarm (assets will transform lazily on first request instead)
[server] EDITOR_TOKEN is not set and this server binds 0.0.0.0 (all interfaces, not loopback-only) -- editor auth and non-loopback debug/upload endpoints are OPEN to any network peer that can reach this host. Set EDITOR_TOKEN before exposing this server beyond localhost.
[server] http://localhost:23083 @ 60 TPS
[identity] pid=18852 sha=7eb12848 root=C:\dev\spoint cwd=C:\dev\spoint
[identity] mapspinner@0.1.264 -> C:\dev\spoint\packages\mapspinner
[identity] streaming-gltf@2.0.22 -> C:\dev\spoint\packages\streaming-gltf
[identity] GET /__identity returns this as JSON
[prediction-drift] server loop forced to 10 Hz while it keeps advertising 60 Hz, so clients send faster than it consumes
[prediction-drift] gpuMode=nvidia rasterizer=accelerated idA=1 idB=2
[prediction-drift] steady-state warmup done after 33s at 64 fps (wanted >= 30)
[prediction-drift] state keys: ["players","entities","dots"]
[prediction-drift] probe shape: {"tick":null,"frames":388,"inputSeq":1390,"lastAckedSeq":1373,"historyLen":16}
[prediction-drift] holding KeyW for 8000ms
  [hold] t=0.84s divergence=1.517 unacked=13 serverTravel=7.000
  [hold] t=1.65s divergence=1.633 unacked=14 serverTravel=18.200
  [hold] t=2.45s divergence=1.633 unacked=14 serverTravel=29.400
  [hold] t=3.26s divergence=1.517 unacked=13 serverTravel=40.600
  [hold] t=4.06s divergence=1.750 unacked=15 serverTravel=51.800
  [hold] t=4.87s divergence=1.750 unacked=15 serverTravel=63.000
  [hold] t=5.68s divergence=1.750 unacked=15 serverTravel=74.200
  [hold] t=6.49s divergence=1.867 unacked=16 serverTravel=85.400
  [hold] t=7.29s divergence=1.867 unacked=16 serverTravel=96.600
  [hold] t=8.10s divergence=3.633 unacked=16 serverTravel=107.800
[prediction-drift] hold=8.11s clientTravel=109.667m serverTravel=107.800m ratio=0.983
[prediction-drift] inputsSent=324 (40.0/s) serverTps=10.0 unacked=16 historyLen=16
[prediction-drift] settling 6000ms with no input
  [settle] dt=13ms divergence=3.633 errorOffset=0.000 rtt=3.379227756604315 bufferHealth=0 unacked=16 history=16
  [settle] dt=224ms divergence=3.724 errorOffset=6.932 rtt=3.379227756604315 bufferHealth=0 unacked=12 history=12
  [settle] dt=430ms divergence=4.784 errorOffset=6.363 rtt=2.784420817453236 bufferHealth=0 unacked=13 history=13
  [settle] dt=637ms divergence=4.789 errorOffset=2.887 rtt=2.784420817453236 bufferHealth=0 unacked=13 history=13
  [settle] dt=848ms divergence=5.179 errorOffset=0.000 rtt=2.784420817453236 bufferHealth=0 unacked=14 history=14
  [settle] dt=1056ms divergence=5.570 errorOffset=5.774 rtt=2.784420817453236 bufferHealth=0 unacked=15 history=15
  [settle] dt=1265ms divergence=5.572 errorOffset=0.824 rtt=2.784420817453236 bufferHealth=0 unacked=15 history=15
  [settle] dt=1472ms divergence=5.574 errorOffset=1.759 rtt=2.338315613089927 bufferHealth=0 unacked=15 history=15
  [settle] dt=1683ms divergence=5.968 errorOffset=1.591 rtt=2.338315613089927 bufferHealth=0 unacked=16 history=16
  [settle] dt=1888ms divergence=5.969 errorOffset=1.438 rtt=2.338315613089927 bufferHealth=0 unacked=16 history=16
  [settle] dt=2097ms divergence=5.969 errorOffset=1.427 rtt=2.338315613089927 bufferHealth=0 unacked=16 history=16
  [settle] dt=2302ms divergence=5.969 errorOffset=1.382 rtt=2.338315613089927 bufferHealth=0 unacked=16 history=16
  [settle] dt=2516ms divergence=0.530 errorOffset=0.219 rtt=2.0037367098174452 bufferHealth=0 unacked=16 history=16
  [settle] dt=2720ms divergence=0.355 errorOffset=0.926 rtt=2.0037367098174452 bufferHealth=0 unacked=12 history=12
  [settle] dt=2934ms divergence=0.438 errorOffset=1.418 rtt=2.0037367098174452 bufferHealth=0 unacked=14 history=14
  [settle] dt=3149ms divergence=0.438 errorOffset=0.726 rtt=2.0037367098174452 bufferHealth=0 unacked=14 history=14
  [settle] dt=3352ms divergence=0.483 errorOffset=1.221 rtt=2.0037367098174452 bufferHealth=0 unacked=15 history=15
  [settle] dt=3554ms divergence=0.438 errorOffset=0.349 rtt=1.7528025323630838 bufferHealth=0 unacked=14 history=14
  [settle] dt=3764ms divergence=0.530 errorOffset=0.190 rtt=1.7528025323630838 bufferHealth=0 unacked=16 history=16
  [settle] dt=3973ms divergence=0.483 errorOffset=0.155 rtt=1.7528025323630838 bufferHealth=0 unacked=15 history=15
  [settle] dt=4180ms divergence=0.530 errorOffset=0.144 rtt=1.7528025323630838 bufferHealth=0 unacked=16 history=16
  [settle] dt=4386ms divergence=0.530 errorOffset=0.168 rtt=1.7528025323630838 bufferHealth=0 unacked=16 history=16
  [settle] dt=4588ms divergence=0.530 errorOffset=0.117 rtt=1.5646018992723127 bufferHealth=0 unacked=16 history=16
  [settle] dt=4790ms divergence=0.530 errorOffset=0.537 rtt=1.5646018992723127 bufferHealth=0 unacked=16 history=16
  [settle] dt=4993ms divergence=0.530 errorOffset=1.032 rtt=1.5646018992723127 bufferHealth=0 unacked=16 history=16
  [settle] dt=5195ms divergence=0.530 errorOffset=1.526 rtt=1.5646018992723127 bufferHealth=0 unacked=16 history=16
  [settle] dt=5398ms divergence=0.530 errorOffset=2.014 rtt=1.5646018992723127 bufferHealth=0 unacked=16 history=16
  [settle] dt=5606ms divergence=0.530 errorOffset=2.508 rtt=1.4234514244542344 bufferHealth=0 unacked=16 history=16
  [settle] dt=5817ms divergence=0.355 errorOffset=0.379 rtt=1.4234514244542344 bufferHealth=0 unacked=12 history=12
[prediction-drift] final clientTravel=139.008m serverTravel=138.700m B-view-of-A=[0,-100,138.7]
[prediction-drift] residual divergence after 6000ms of no input = 0.3952m
[prediction-drift] peak unacked during the hold = 16 (cap 24), peak divergence = 3.633m (cap 3m), unacked at release = 16
[prediction-drift] RESULT: FAIL gpuMode=nvidia rasterizer=accelerated (settled below 0.5m: [0.5298422448656944,0.5298422448656944,0.5298422448656944,0.5298422448656944,0.3547301826739978]; lead bounded: false)
[prediction-drift] DIAGNOSIS serverAppliedFraction=0.998 serverTps=10.0 clientFramesPerSec=31.09
[physics] peak bodies 1/10240, peak active 0, contact manifolds 0/10240
EXIT=1
