(node:24268) [DEP0152] DeprecationWarning: Custom PerformanceEntry accessors are deprecated. Please use the detail property.
(Use `node --trace-deprecation ...` to show where the warning was created)
[netcode-harness] run latency=0ms jitter=0ms loss=0% predict=false channel=ws snapHz=default
[TickHandler] tick 148 overran budget: 39.86ms > 33.33ms (budget 16.67ms) players:2
[tick-dilation] factor=0.851
[tick-dilation] factor=0.601
[tick-dilation] factor=0.351
[tick-dilation] factor=0.101
[tick-dilation] factor=0.1
[TickHandler] tick 191 overran budget: 49.11ms > 33.33ms (budget 16.67ms) players:2
[TickHandler] tick 256 overran budget: 189.03ms > 33.33ms (budget 16.67ms) players:2
[TickHandler] tick 288 overran budget: 42.52ms > 33.33ms (budget 16.67ms) players:2
[TickHandler] tick 407 overran budget: 51.67ms > 33.33ms (budget 16.67ms) players:2
[TickHandler] tick 474 overran budget: 106.04ms > 33.33ms (budget 16.67ms) players:2
[TickHandler] tick 503 overran budget: 981.79ms > 33.33ms (budget 16.67ms) players:2
[TickHandler] tick 510 overran budget: 85.19ms > 33.33ms (budget 16.67ms) players:2
[TickHandler] tick 852 overran budget: 37.53ms > 33.33ms (budget 16.67ms) players:2
[tick-dilation] factor=0.11
[tick-dilation] factor=0.164
[tick-dilation] factor=0.36
[tick-dilation] factor=0.61
[tick-dilation] factor=0.86
[tick-dilation] factor=1
[physics] peak bodies 1/10240, peak active 0, contact manifolds 0/10240

| one-way ms/jitter/loss | predict | RTT | local in->visual p50/p95 ms | remote in->visual p50 ms | mispredict rate | mispredict p95 cm | local pops/min | max pop cm | remote eff. delay ms | interp jitter ms | interp interval ms | remote - server ms | extrap/held % | remote err@delay cm | remote err vs present cm | hit% (aim at view) | miss p50 cm | KB/s down/up | snap Hz | tick Hz / p99 interval ms | input starves/s |
|---|---|---|---|---|---|---|---|---|---|---|---|---|---|---|---|---|---|---|---|---|---|
| 0/0/0% | off | 23 | 241/982 | 116 | - | - | 0 | 0.0 | 32 | 481 | 19 | -45 | 6/29% | 19.2 | 20 | 96% | 4 | 4.7/3.1 | 43.1 | 47.4 p99 165.5 | 0.1 |

[netcode-harness] wrote C:\dev\spoint\.nch-after.json
