[shader-manifest] world deathrun entity model urls: ["./apps/maps/deathrun_kosova.glb"]
[shader-manifest] booting real server on port 3167 (world=deathrun) ...
[boot] using world: deathrun (apps\world\deathrun.js)
[boot] loading from: C:\dev\spoint\apps, C:\dev\spoint\src\stdlib-apps
[apps-manifest] fresh dist\client\apps-manifest.json (68 app(s), 130 source file(s) fingerprinted, unchanged, 76ms)
[apps-manifest] fresh world-scoped dist\client\worlds\deathrun\apps-manifest.json (8 of 68 app(s), unchanged, 2ms)
[server] serving PREBUILT BUNDLE from dist/client/app.js (built 2026-10-07T13:44:03.783Z)
[server] dist/src/sdk/WorkerEntry.js is STALE (built 2026-10-07T12:29:31.951Z, a bundled src/ or packages/ input edited 2026-10-07T13:32:37.947Z) -- falling through to raw ESM worker
[static] precompressed 4489 asset(s)
(node:25876) [DEP0152] DeprecationWarning: Custom PerformanceEntry accessors are deprecated. Please use the detail property.
(Use `node --trace-deprecation ...` to show where the warning was created)
[placed-model] loaded 4 saved entities
[world-persistence] snapshot world mismatch (saved="tps-game" current="deathrun") -- discarding, booting clean
[prewarm] SPOINT_SKIP_PREWARM set -- skipping full apps/-tree GLB/VRM prewarm (assets will transform lazily on first request instead)
[progressive] awaiting 1 environment bake(s) before serving
[server] EDITOR_TOKEN is not set and this server binds 0.0.0.0 (all interfaces, not loopback-only) -- editor auth and non-loopback debug/upload endpoints are OPEN to any network peer that can reach this host. Set EDITOR_TOKEN before exposing this server beyond localhost.
[server] http://localhost:3167 @ 64 TPS
[identity] pid=25876 sha=a6e524bc root=C:\dev\spoint cwd=C:\dev\spoint
[identity] mapspinner@0.1.264 -> C:\dev\spoint\packages\mapspinner
[identity] streaming-gltf@2.0.22 -> C:\dev\spoint\packages\streaming-gltf
[identity] GET /__identity returns this as JSON
[shader-manifest] server up at http://localhost:3167
[deathrun] 2 checkpoint(s) loaded for map 'deathrun_kosova' (finish index 1)
[shader-manifest] navigating to http://localhost:3167/?singleplayer&world=deathrun
[shader-manifest] rasterizer=accelerated gpu=ANGLE (NVIDIA, NVIDIA GeForce RTX 3060 Laptop GPU (0x00002520) Direct3D11 vs_5_0 ps_5_0, D3D11) | Google Inc. (NVIDIA) | nvidia gpuMode=nvidia
[shader-manifest] boot ready=true pageErrors=0 elapsedMs=39723
[shader-manifest] probe {"warmup":{"manifestDriven":true,"manifestUrls":["./apps/maps/deathrun_kosova.glb"],"manifestedCount":0,"residentCount":3,"total":4,"skipped":false,"reason":null,"manifestedUrls":[],"residentModelUrls":[]},"playerId":1,"connected":true,"revealed":true,"entityMeshUrls":[null,null,null,"./apps/maps/deathrun_kosova.glb"]}
[shader-manifest] network responses observed: 434, requests sent: 442
[shader-manifest] shadermanifest requests=0 []
[shader-manifest] responses >= 400: 0 []
[shader-manifest] assertion failed: world deathrun declares 1 model url(s) and the manifest named ["./apps/maps/deathrun_kosova.glb"], but 1 were never warmed: ["./apps/maps/deathrun_kosova.glb"] -- manifest-declared models that are not resident at reveal must be waited for or named as skipped, not dropped: {"manifestDriven":true,"manifestUrls":["./apps/maps/deathrun_kosova.glb"],"manifestedCount":0,"residentCount":3,"total":4,"skipped":false,"reason":null,"manifestedUrls":[],"residentModelUrls":[]}
[physics] peak bodies 1/10240, peak active 0, contact manifolds 0/10240
[shader-manifest] RESULT: FAIL -- 1 assertion(s) failed, first: world deathrun declares 1 model url(s) and the manifest named ["./apps/maps/deathrun_kosova.glb"], but 1 were never warmed: ["./apps/maps/deathrun_kosova.glb"] -- manifest-declared models that are not resident at reveal must be waited for or named as skipped, not dropped: {"manifestDriven":true,"manifestUrls":["./apps/maps/deathrun_kosova.glb"],"manifestedCount":0,"residentCount":3,"total":4,"skipped":false,"reason":null,"manifestedUrls":[],"residentModelUrls":[]}
