[boot] using world: tps-game (apps\world\tps-game.js)
[boot] loading from: C:\dev\spoint\apps, C:\dev\spoint\src\stdlib-apps
[apps-manifest] fresh dist\client\apps-manifest.json (68 app(s), 130 source file(s) fingerprinted, unchanged, 33ms)
[apps-manifest] fresh world-scoped dist\client\worlds\tps-game\apps-manifest.json (26 of 68 app(s), unchanged, 1ms)
[server] serving PREBUILT BUNDLE from dist/client/app.js (built 2026-10-07T14:15:49.251Z)
[server] dist/src/sdk/WorkerEntry.js is STALE (built 2026-10-07T12:29:31.951Z, a bundled src/ or packages/ input edited 2026-10-07T14:16:30.842Z) -- falling through to raw ESM worker
[static] precompressed 4491 asset(s)
(node:16320) [DEP0152] DeprecationWarning: Custom PerformanceEntry accessors are deprecated. Please use the detail property.
(Use `node --trace-deprecation ...` to show where the warning was created)
[terrain] collider using BAKED heightfield (hashVersion 2, N=257, extent=256m, spacing 100cm, height code 44ca24c0ef7b) instead of the GPU patch bake: the GLSL patch baker draws only hashVersion 1 and this world resolves to hashVersion 2, which carries an integer hash and a carve term the legacy GLSL terrain has no code for
[terrain] planet heightfield COARSE N=64 extent=256m built 23ms id=8388608 -> refining to N=128 off the boot path
[terrain] planet heightfield refined N=64 -> N=128 spacing=2.02m in 37ms(sample 34ms) id=8388609
[veg] initial ring: 66/384 collider(s) over 47 chunk(s) for 1 center(s) of maxCenters 192 (default), dropped 0 (radius 64m keep 70.4m) in 70.7ms over 1 cluster batch(es) of 8 (pool prewarm 4.0ms)
[rocks] initial ring: 0/128 collider(s) over 20 chunk(s) for 1 center(s) of maxCenters 192 (default), dropped 0 (radius 32m keep 35.2m) in 29.0ms over 1 cluster batch(es) of 8 (pool prewarm 0.0ms)
   0.00s [terrain] [terrain] config registered (streamer owned by engine boot order)
[trimesh] dropped 23 degenerate (zero-area) triangle(s) from C:\dev\spoint\apps\maps\aim_sillos.glb
[combat] 4 spawn point(s), 37 saved record(s)
[placed-model] loaded 4 saved entities
[world-persistence] restored snapshot: tick=38400 entities=11 bodies=0
[progressive] awaiting 1 environment bake(s) before serving
[server] EDITOR_TOKEN is not set and this server binds 0.0.0.0 (all interfaces, not loopback-only) -- editor auth and non-loopback debug/upload endpoints are OPEN to any network peer that can reach this host. Set EDITOR_TOKEN before exposing this server beyond localhost.
[server] http://localhost:34950 @ 64 TPS
[identity] pid=16320 sha=de8f3784 root=C:\dev\spoint cwd=C:\dev\spoint
[identity] mapspinner@0.1.264 -> C:\dev\spoint\packages\mapspinner
[identity] streaming-gltf@2.0.22 -> C:\dev\spoint\packages\streaming-gltf
[identity] GET /__identity returns this as JSON
[weather-gh] server up on 34950 world=tps-game
[weather-gh] navigating http://127.0.0.1:34950/?singleplayer&world=tps-game&v=1791383147417
[weather-gh] boot t+0s {"terrain":false,"weather":false,"revealedAt":0}
[weather-gh] boot t+16s {"terrain":true,"weather":false,"revealedAt":0}
[weather-gh] boot ok in 23s
[weather-gh] gpu=nvidia accelerated=true rasterizer=accelerated renderer=ANGLE (NVIDIA, NVIDIA GeForce RTX 3060 Laptop GPU (0x00002520) Direct3D11 vs_5_0 ps_5_0, D3D11)
[weather-gh] forcing weather type=snow intensity=1
[weather-gh] armed: {"ok":true,"patchOverride":false,"particles":3000,"type":"snow"}
[weather-gh] raw: {"elapsedMs":40669,"total":57408,"inWeather":158,"updates":289,"weatherMs":3964.42,"particles":3000,"activeCount":3000,"type":"snow","intensity":1,"groundSampleCount":67388,"gh0":12442,"pos":[-24.983823776245117,9.398345947265625,-5.818713188171387]}
[weather-gh] RESULT {
  "weather": "snow",
  "gpu": "nvidia",
  "renderer": "ANGLE (NVIDIA, NVIDIA GeForce RTX 3060 Laptop GPU (0x00002520) Direct3D11 vs_5_0 ps_5_0, D3D11)",
  "world": "tps-game",
  "walk": true,
  "windowSeconds": 40.67,
  "groundHeightLocal_callsPerSec_total": 1411.59,
  "groundHeightLocal_callsPerSec_weather": 3.89,
  "groundHeightLocal_callsPerSec_other": 1407.71,
  "weatherSharePct": 0.28,
  "weatherUpdate_callsPerSec": 7.11,
  "weatherUpdate_msPerSec": 97.48,
  "weather_groundSampleCount_total": 67388,
  "weather_groundSampleCount_start": 12442,
  "weather_groundSamplesPerSec": 1351.05,
  "playerMovedM": 0,
  "posArm": [
    -24.983823776245117,
    9.398345947265625,
    -5.818713188171387
  ],
  "posEnd": [
    -24.983823776245117,
    9.398345947265625,
    -5.818713188171387
  ],
  "particles": 3000,
  "activeCount": 3000,
  "type": "snow",
  "intensity": 1,
  "profileTotalMsPerSec": 997.98,
  "topSelfMsPerSec": [
    {
      "key": "(idle) @ :0",
      "msPerSec": 760.773,
      "pct": 76.23
    },
    {
      "key": "rebuildCells @ GrassDecal.js:25",
      "msPerSec": 59.924,
      "pct": 6
    },
    {
      "key": "(program) @ :0",
      "msPerSec": 30.858,
      "pct": 3.09
    },
    {
      "key": "effectiveStrength @ GrassDecal.js:20",
      "msPerSec": 20.713,
      "pct": 2.08
    },
    {
      "key": "msH3i @ :4",
      "msPerSec": 12.494,
      "pct": 1.25
    },
    {
      "key": "msSnoise3 @ :3",
      "msPerSec": 10.064,
      "pct": 1.01
    },
    {
      "key": "composeHeight @ :5",
      "msPerSec": 8.29,
      "pct": 0.83
    },
    {
      "key": "(garbage collector) @ :0",
      "msPerSec": 5.99,
      "pct": 0.6
    },
    {
      "key": "cellCenter @ GrassDecal.js:18",
      "msPerSec": 5.446,
      "pct": 0.55
    },
    {
      "key": "Fe @ app.js:1801",
      "msPerSec": 3.7,
      "pct": 0.37
    },
    {
      "key": "writeBuffer @ :0",
      "msPerSec": 3.371,
      "pct": 0.34
    },
    {
      "key": "updateMatrixWorld @ three.core.js:12900",
      "msPerSec": 2.889,
      "pct": 0.29
    }
  ],
  "groundRowsMsPerSec": [
    {
      "key": "groundHeightLocal @ PlanetFrame.js:169",
      "msPerSec": 0.325,
      "pct": 0.03
    },
    {
      "key": "solveSurfaceY @ PlanetFrame.js:124",
      "msPerSec": 0.23,
      "pct": 0.02
    },
    {
      "key": "heightAt @ height-cpu.js:75",
      "msPerSec": 0.125,
      "pct": 0.01
    },
    {
      "key": "f.groundHeightLocal @ :13",
      "msPerSec": 0.057,
      "pct": 0.01
    }
  ]
}
[physics] peak bodies 134/10240, peak active 0, contact manifolds 0/10240
