[boot] using world: tps-game (apps\world\tps-game.js)
[boot] loading from: C:\dev\spoint\apps, C:\dev\spoint\src\stdlib-apps
[apps-manifest] fresh dist\client\apps-manifest.json (68 app(s), 130 source file(s) fingerprinted, unchanged, 52ms)
[apps-manifest] fresh world-scoped dist\client\worlds\tps-game\apps-manifest.json (26 of 68 app(s), unchanged, 1ms)
[server] serving PREBUILT BUNDLE from dist/client/app.js (built 2026-10-07T14:29:18.157Z)
[server] dist/src/sdk/WorkerEntry.js is STALE (built 2026-10-07T12:29:31.951Z, a bundled src/ or packages/ input edited 2026-10-07T14:31:08.438Z) -- falling through to raw ESM worker
[static] precompressed 4491 asset(s)
(node:27952) [DEP0152] DeprecationWarning: Custom PerformanceEntry accessors are deprecated. Please use the detail property.
(Use `node --trace-deprecation ...` to show where the warning was created)
[terrain] collider using BAKED heightfield (hashVersion 2, N=257, extent=256m, spacing 100cm, height code 44ca24c0ef7b) instead of the GPU patch bake: the GLSL patch baker draws only hashVersion 1 and this world resolves to hashVersion 2, which carries an integer hash and a carve term the legacy GLSL terrain has no code for
[terrain] planet heightfield COARSE N=64 extent=256m built 15ms id=8388608 -> refining to N=128 off the boot path
[terrain] planet heightfield refined N=64 -> N=128 spacing=2.02m in 33ms(sample 31ms) id=8388609
[veg] initial ring: 66/384 collider(s) over 47 chunk(s) for 1 center(s) of maxCenters 192 (default), dropped 0 (radius 64m keep 70.4m) in 57.5ms over 1 cluster batch(es) of 8 (pool prewarm 2.9ms)
[rocks] initial ring: 0/128 collider(s) over 20 chunk(s) for 1 center(s) of maxCenters 192 (default), dropped 0 (radius 32m keep 35.2m) in 7.8ms over 1 cluster batch(es) of 8 (pool prewarm 0.0ms)
   0.00s [terrain] [terrain] config registered (streamer owned by engine boot order)
[trimesh] dropped 23 degenerate (zero-area) triangle(s) from C:\dev\spoint\apps\maps\aim_sillos.glb
[combat] 4 spawn point(s), 37 saved record(s)
[placed-model] loaded 4 saved entities
[world-persistence] restored snapshot: tick=19200 entities=11 bodies=0
[progressive] awaiting 1 environment bake(s) before serving
[server] EDITOR_TOKEN is not set and this server binds 0.0.0.0 (all interfaces, not loopback-only) -- editor auth and non-loopback debug/upload endpoints are OPEN to any network peer that can reach this host. Set EDITOR_TOKEN before exposing this server beyond localhost.
[server] http://localhost:30903 @ 64 TPS
[identity] pid=27952 sha=2aa58fc1 root=C:\dev\spoint cwd=C:\dev\spoint
[identity] mapspinner@0.1.264 -> C:\dev\spoint\packages\mapspinner
[identity] streaming-gltf@2.0.22 -> C:\dev\spoint\packages\streaming-gltf
[identity] GET /__identity returns this as JSON
[weather-gh] server up on 30903 world=tps-game
[weather-gh] navigating http://127.0.0.1:30903/?multiplayer&world=tps-game&v=1791383560160
[weather-gh] boot t+0s {"terrain":false,"weather":false,"revealedAt":0,"connected":false}
[weather-gh] boot t+16s {"terrain":true,"weather":false,"revealedAt":0,"connected":true}
[weather-gh] boot ok in 30s
[weather-gh] gpu=nvidia accelerated=true rasterizer=accelerated renderer=ANGLE (NVIDIA, NVIDIA GeForce RTX 3060 Laptop GPU (0x00002520) Direct3D11 vs_5_0 ps_5_0, D3D11)
[weather-gh] forcing weather type=snow intensity=1
[weather-gh] armed: {"ok":true,"patchOverride":false,"particles":3000,"type":"snow"}
[weather-gh] raw: {"elapsedMs":40866,"total":65935,"inWeather":160,"updates":401,"weatherMs":5088.51,"particles":3000,"activeCount":3000,"type":"snow","intensity":1,"groundSampleCount":94429,"gh0":12620,"pos":[-24.983823776245117,9.398345947265625,-5.818713188171387]}
[weather-gh] RESULT {
  "weather": "snow",
  "gpu": "nvidia",
  "renderer": "ANGLE (NVIDIA, NVIDIA GeForce RTX 3060 Laptop GPU (0x00002520) Direct3D11 vs_5_0 ps_5_0, D3D11)",
  "world": "tps-game",
  "walk": true,
  "windowSeconds": 40.87,
  "groundHeightLocal_callsPerSec_total": 1613.44,
  "groundHeightLocal_callsPerSec_weather": 3.92,
  "groundHeightLocal_callsPerSec_other": 1609.53,
  "weatherSharePct": 0.24,
  "weatherUpdate_callsPerSec": 9.81,
  "weatherUpdate_msPerSec": 124.52,
  "weather_groundSampleCount_total": 94429,
  "weather_groundSampleCount_start": 12620,
  "weather_groundSamplesPerSec": 2001.88,
  "framesPerSec": 9.81,
  "consoleErrs": 0,
  "consoleTop": [],
  "playerMovedM": 0,
  "posArm": [
    -24.983823776245117,
    9.398345947265625,
    -5.818713188171387
  ],
  "posEnd": [
    -24.983823776245117,
    9.398345947265625,
    -5.818713188171387
  ],
  "particles": 3000,
  "activeCount": 3000,
  "type": "snow",
  "intensity": 1,
  "profileTotalMsPerSec": 997.7,
  "topSelfMsPerSec": [
    {
      "key": "(idle) @ :0",
      "msPerSec": 674.153,
      "pct": 67.57
    },
    {
      "key": "rebuildCells @ GrassDecal.js:25",
      "msPerSec": 84.27,
      "pct": 8.45
    },
    {
      "key": "(program) @ :0",
      "msPerSec": 44.638,
      "pct": 4.47
    },
    {
      "key": "effectiveStrength @ GrassDecal.js:20",
      "msPerSec": 21.351,
      "pct": 2.14
    },
    {
      "key": "msH3i @ :4",
      "msPerSec": 15.289,
      "pct": 1.53
    },
    {
      "key": "msSnoise3 @ :3",
      "msPerSec": 14.148,
      "pct": 1.42
    },
    {
      "key": "composeHeight @ :5",
      "msPerSec": 9.852,
      "pct": 0.99
    },
    {
      "key": "(garbage collector) @ :0",
      "msPerSec": 6.855,
      "pct": 0.69
    },
    {
      "key": "cellCenter @ GrassDecal.js:18",
      "msPerSec": 5.209,
      "pct": 0.52
    },
    {
      "key": "updateMatrixWorld @ three.core.js:12900",
      "msPerSec": 4.803,
      "pct": 0.48
    },
    {
      "key": "writeBuffer @ :0",
      "msPerSec": 4.715,
      "pct": 0.47
    },
    {
      "key": "Fe @ app.js:1801",
      "msPerSec": 4.633,
      "pct": 0.46
    }
  ],
  "groundRowsMsPerSec": [
    {
      "key": "solveSurfaceY @ PlanetFrame.js:124",
      "msPerSec": 1.277,
      "pct": 0.13
    },
    {
      "key": "groundHeightLocal @ PlanetFrame.js:169",
      "msPerSec": 0.383,
      "pct": 0.04
    },
    {
      "key": "f.groundHeightLocal @ :13",
      "msPerSec": 0.024,
      "pct": 0
    }
  ]
}
[physics] peak bodies 174/10240, peak active 0, contact manifolds 0/10240
