[boot] using world: tps-game (apps\world\tps-game.js)
[boot] loading from: C:\dev\spoint\apps, C:\dev\spoint\src\stdlib-apps
[apps-manifest] fresh dist\client\apps-manifest.json (68 app(s), 130 source file(s) fingerprinted, unchanged, 46ms)
[apps-manifest] fresh world-scoped dist\client\worlds\tps-game\apps-manifest.json (26 of 68 app(s), unchanged, 1ms)
[server] serving PREBUILT BUNDLE from dist/client/app.js (built 2026-10-07T14:48:49.166Z)
[server] dist/src/sdk/WorkerEntry.js is STALE (built 2026-10-07T12:29:31.951Z, a bundled src/ or packages/ input edited 2026-10-07T14:48:37.990Z) -- falling through to raw ESM worker
[static] precompressed 4491 asset(s)
(node:4740) [DEP0152] DeprecationWarning: Custom PerformanceEntry accessors are deprecated. Please use the detail property.
(Use `node --trace-deprecation ...` to show where the warning was created)
[terrain] collider using BAKED heightfield (hashVersion 2, N=257, extent=256m, spacing 100cm, height code 44ca24c0ef7b) instead of the GPU patch bake: the GLSL patch baker draws only hashVersion 1 and this world resolves to hashVersion 2, which carries an integer hash and a carve term the legacy GLSL terrain has no code for
[terrain] planet heightfield COARSE N=64 extent=256m built 20ms id=8388608 -> refining to N=128 off the boot path
[terrain] planet heightfield refined N=64 -> N=128 spacing=2.02m in 40ms(sample 37ms) id=8388609
[veg] initial ring: 66/384 collider(s) over 47 chunk(s) for 1 center(s) of maxCenters 192 (default), dropped 0 (radius 64m keep 70.4m) in 75.9ms over 1 cluster batch(es) of 8 (pool prewarm 3.4ms)
[rocks] initial ring: 0/128 collider(s) over 20 chunk(s) for 1 center(s) of maxCenters 192 (default), dropped 0 (radius 32m keep 35.2m) in 12.5ms over 1 cluster batch(es) of 8 (pool prewarm 0.0ms)
   0.00s [terrain] [terrain] config registered (streamer owned by engine boot order)
[trimesh] dropped 23 degenerate (zero-area) triangle(s) from C:\dev\spoint\apps\maps\aim_sillos.glb
[combat] 4 spawn point(s), 37 saved record(s)
[placed-model] loaded 4 saved entities
[world-persistence] restored snapshot: tick=19201 entities=11 bodies=0
[progressive] awaiting 1 environment bake(s) before serving
[server] EDITOR_TOKEN is not set and this server binds 0.0.0.0 (all interfaces, not loopback-only) -- editor auth and non-loopback debug/upload endpoints are OPEN to any network peer that can reach this host. Set EDITOR_TOKEN before exposing this server beyond localhost.
[server] http://localhost:24880 @ 64 TPS
[identity] pid=4740 sha=2aa58fc1 root=C:\dev\spoint cwd=C:\dev\spoint
[identity] mapspinner@0.1.264 -> C:\dev\spoint\packages\mapspinner
[identity] streaming-gltf@2.0.22 -> C:\dev\spoint\packages\streaming-gltf
[identity] GET /__identity returns this as JSON
[weather-gh] server up on 24880 world=tps-game
[weather-gh] navigating http://127.0.0.1:24880/?multiplayer&world=tps-game&v=1791384584584
[weather-gh] boot t+0s {"terrain":false,"weather":false,"revealedAt":0,"connected":false}
[TickHandler] tick 375 overran budget: 41.09ms > 31.25ms (budget 15.63ms) players:1
[weather-gh] boot t+16s {"terrain":true,"weather":false,"revealedAt":0,"connected":true}
[weather-gh] boot ok in 28s
[weather-gh] gpu=nvidia accelerated=true rasterizer=accelerated renderer=ANGLE (NVIDIA, NVIDIA GeForce RTX 3060 Laptop GPU (0x00002520) Direct3D11 vs_5_0 ps_5_0, D3D11)
[weather-gh] forcing weather type=snow intensity=1
[weather-gh] armed: {"ok":true,"patchOverride":false,"particles":3000,"type":"snow"}
[weather-gh] raw: {"elapsedMs":41130,"total":52963,"inWeather":182,"updates":348,"weatherMs":335.74,"particles":3000,"activeCount":3000,"type":"snow","intensity":1,"groundSampleCount":105053,"gh0":12459,"pos":[-24.983823776245117,9.398345947265625,-5.818713188171387]}
[weather-gh] RESULT {
  "weather": "snow",
  "gpu": "nvidia",
  "renderer": "ANGLE (NVIDIA, NVIDIA GeForce RTX 3060 Laptop GPU (0x00002520) Direct3D11 vs_5_0 ps_5_0, D3D11)",
  "world": "tps-game",
  "walk": true,
  "windowSeconds": 41.13,
  "groundHeightLocal_callsPerSec_total": 1287.7,
  "groundHeightLocal_callsPerSec_weather": 4.42,
  "groundHeightLocal_callsPerSec_other": 1283.27,
  "weatherSharePct": 0.34,
  "weatherUpdate_callsPerSec": 8.46,
  "weatherUpdate_msPerSec": 8.16,
  "weather_groundSampleCount_total": 105053,
  "weather_groundSampleCount_start": 12459,
  "weather_groundSamplesPerSec": 2251.25,
  "framesPerSec": 8.46,
  "samplesPerUpdate": 266.07,
  "snowAccum": false,
  "ghDeviation": {
    "max": 0.00030702994235776507,
    "mean": 0.000022506206234296433,
    "n": 76752
  },
  "consoleErrs": 0,
  "consoleTop": [],
  "playerMovedM": 0,
  "posArm": [
    -24.983823776245117,
    9.398345947265625,
    -5.818713188171387
  ],
  "posEnd": [
    -24.983823776245117,
    9.398345947265625,
    -5.818713188171387
  ],
  "particles": 3000,
  "activeCount": 3000,
  "type": "snow",
  "intensity": 1,
  "profileTotalMsPerSec": 997.04,
  "topSelfMsPerSec": [
    {
      "key": "(idle) @ :0",
      "msPerSec": 785.287,
      "pct": 78.76
    },
    {
      "key": "(program) @ :0",
      "msPerSec": 52.812,
      "pct": 5.3
    },
    {
      "key": "msH3i @ :4",
      "msPerSec": 15.09,
      "pct": 1.51
    },
    {
      "key": "msSnoise3 @ :3",
      "msPerSec": 10.812,
      "pct": 1.08
    },
    {
      "key": "composeHeight @ :5",
      "msPerSec": 9.688,
      "pct": 0.97
    },
    {
      "key": "Ot @ app.js:1801",
      "msPerSec": 5.224,
      "pct": 0.52
    },
    {
      "key": "writeBuffer @ :0",
      "msPerSec": 4.641,
      "pct": 0.47
    },
    {
      "key": "_renderObjectDirect @ three.webgpu.js:62871",
      "msPerSec": 4.394,
      "pct": 0.44
    },
    {
      "key": "updateMatrixWorld @ three.core.js:12900",
      "msPerSec": 4.037,
      "pct": 0.4
    },
    {
      "key": "_projectObject @ three.webgpu.js:62261",
      "msPerSec": 3.353,
      "pct": 0.34
    },
    {
      "key": "setFromPoints @ three.core.js:15824",
      "msPerSec": 3,
      "pct": 0.3
    },
    {
      "key": "_selectClusters @ cluster-lod-mesh.js:105",
      "msPerSec": 2.229,
      "pct": 0.22
    }
  ],
  "groundRowsMsPerSec": [
    {
      "key": "groundHeightLocal @ PlanetFrame.js:169",
      "msPerSec": 0.64,
      "pct": 0.06
    },
    {
      "key": "solveSurfaceY @ PlanetFrame.js:124",
      "msPerSec": 0.21,
      "pct": 0.02
    },
    {
      "key": "f.groundHeightLocal @ :13",
      "msPerSec": 0.099,
      "pct": 0.01
    },
    {
      "key": "heightAt @ height-cpu.js:75",
      "msPerSec": 0.041,
      "pct": 0
    }
  ]
}
[physics] peak bodies 174/10240, peak active 0, contact manifolds 0/10240
