[boot] using world: tps-game (apps\world\tps-game.js)
[boot] loading from: C:\dev\spoint\apps, C:\dev\spoint\src\stdlib-apps
[apps-manifest] fresh dist\client\apps-manifest.json (68 app(s), 130 source file(s) fingerprinted, unchanged, 34ms)
[apps-manifest] fresh world-scoped dist\client\worlds\tps-game\apps-manifest.json (26 of 68 app(s), unchanged, 1ms)
[server] serving PREBUILT BUNDLE from dist/client/app.js (built 2026-10-07T14:53:43.948Z)
[server] dist/src/sdk/WorkerEntry.js is STALE (built 2026-10-07T12:29:31.951Z, a bundled src/ or packages/ input edited 2026-10-07T15:01:15.782Z) -- falling through to raw ESM worker
[static] precompressed 4491 asset(s)
(node:26008) [DEP0152] DeprecationWarning: Custom PerformanceEntry accessors are deprecated. Please use the detail property.
(Use `node --trace-deprecation ...` to show where the warning was created)
[terrain] collider using BAKED heightfield (hashVersion 2, N=257, extent=256m, spacing 100cm, height code 44ca24c0ef7b) instead of the GPU patch bake: the GLSL patch baker draws only hashVersion 1 and this world resolves to hashVersion 2, which carries an integer hash and a carve term the legacy GLSL terrain has no code for
[terrain] planet heightfield COARSE N=64 extent=256m built 16ms id=8388608 -> refining to N=128 off the boot path
[terrain] planet heightfield refined N=64 -> N=128 spacing=2.02m in 37ms(sample 35ms) id=8388609
[veg] initial ring: 66/384 collider(s) over 47 chunk(s) for 1 center(s) of maxCenters 192 (default), dropped 0 (radius 64m keep 70.4m) in 62.2ms over 1 cluster batch(es) of 8 (pool prewarm 3.4ms)
[rocks] initial ring: 0/128 collider(s) over 20 chunk(s) for 1 center(s) of maxCenters 192 (default), dropped 0 (radius 32m keep 35.2m) in 8.9ms over 1 cluster batch(es) of 8 (pool prewarm 0.0ms)
   0.00s [terrain] [terrain] config registered (streamer owned by engine boot order)
[trimesh] dropped 23 degenerate (zero-area) triangle(s) from C:\dev\spoint\apps\maps\aim_sillos.glb
[combat] 4 spawn point(s), 37 saved record(s)
[placed-model] loaded 4 saved entities
[world-persistence] restored snapshot: tick=19200 entities=11 bodies=0
[progressive] awaiting 1 environment bake(s) before serving
[server] EDITOR_TOKEN is not set and this server binds 0.0.0.0 (all interfaces, not loopback-only) -- editor auth and non-loopback debug/upload endpoints are OPEN to any network peer that can reach this host. Set EDITOR_TOKEN before exposing this server beyond localhost.
[server] http://localhost:29384 @ 64 TPS
[identity] pid=26008 sha=34865076 root=C:\dev\spoint cwd=C:\dev\spoint
[identity] mapspinner@0.1.264 -> C:\dev\spoint\packages\mapspinner
[identity] streaming-gltf@2.0.22 -> C:\dev\spoint\packages\streaming-gltf
[identity] GET /__identity returns this as JSON
[weather-gh] server up on 29384 world=tps-game
[weather-gh] navigating http://127.0.0.1:29384/?multiplayer&world=tps-game&v=1791385307864
[weather-gh] boot t+0s {"terrain":false,"weather":false,"revealedAt":0,"connected":false}
[weather-gh] boot t+16s {"terrain":true,"weather":true,"revealedAt":0,"connected":true}
[weather-gh] boot ok in 20s
[weather-gh] gpu=nvidia accelerated=true rasterizer=accelerated renderer=nvidia ampere
[weather-gh] forcing weather type=snow intensity=1
[weather-gh] armed: {"ok":true,"patchOverride":false,"particles":3000,"type":"snow"}
[weather-gh] raw: {"elapsedMs":40574,"total":61312,"inWeather":159,"updates":358,"weatherMs":271.77,"particles":3000,"activeCount":3000,"type":"snow","intensity":1,"groundSampleCount":28740,"gh0":12296,"pos":[-24.983823776245117,9.398345947265625,-5.818713188171387]}
[weather-gh] RESULT {
  "weather": "snow",
  "gpu": "nvidia",
  "renderer": "nvidia ampere",
  "world": "tps-game",
  "walk": true,
  "windowSeconds": 40.57,
  "groundHeightLocal_callsPerSec_total": 1511.12,
  "groundHeightLocal_callsPerSec_weather": 3.92,
  "groundHeightLocal_callsPerSec_other": 1507.2,
  "weatherSharePct": 0.26,
  "weatherUpdate_callsPerSec": 8.82,
  "weatherUpdate_msPerSec": 6.7,
  "weather_groundSampleCount_total": 28740,
  "weather_groundSampleCount_start": 12296,
  "weather_groundSamplesPerSec": 405.28,
  "framesPerSec": 8.82,
  "samplesPerUpdate": 45.93,
  "snowAccum": false,
  "ghDeviation": null,
  "consoleErrs": 0,
  "consoleTop": [],
  "playerMovedM": 0,
  "posArm": [
    -24.983823776245117,
    9.398345947265625,
    -5.818713188171387
  ],
  "posEnd": [
    -24.983823776245117,
    9.398345947265625,
    -5.818713188171387
  ],
  "particles": 3000,
  "activeCount": 3000,
  "type": "snow",
  "intensity": 1,
  "profileTotalMsPerSec": 997.97,
  "topSelfMsPerSec": [
    {
      "key": "(idle) @ :0",
      "msPerSec": 819.664,
      "pct": 82.13
    },
    {
      "key": "(program) @ :0",
      "msPerSec": 29.941,
      "pct": 3
    },
    {
      "key": "msH3i @ :4",
      "msPerSec": 14.092,
      "pct": 1.41
    },
    {
      "key": "msSnoise3 @ :3",
      "msPerSec": 12.663,
      "pct": 1.27
    },
    {
      "key": "composeHeight @ :5",
      "msPerSec": 8.899,
      "pct": 0.89
    },
    {
      "key": "updateMatrixWorld @ three.core.js:12900",
      "msPerSec": 4.462,
      "pct": 0.45
    },
    {
      "key": "Mt @ app.js:1801",
      "msPerSec": 4.127,
      "pct": 0.41
    },
    {
      "key": "_renderObjectDirect @ three.webgpu.js:62871",
      "msPerSec": 4.034,
      "pct": 0.4
    },
    {
      "key": "writeBuffer @ :0",
      "msPerSec": 3.419,
      "pct": 0.34
    },
    {
      "key": "setFromPoints @ three.core.js:15824",
      "msPerSec": 3.09,
      "pct": 0.31
    },
    {
      "key": "onStep @ app.js:2160",
      "msPerSec": 3.011,
      "pct": 0.3
    },
    {
      "key": "_projectObject @ three.webgpu.js:62261",
      "msPerSec": 2.428,
      "pct": 0.24
    }
  ],
  "groundRowsMsPerSec": [
    {
      "key": "solveSurfaceY @ PlanetFrame.js:124",
      "msPerSec": 1.015,
      "pct": 0.1
    },
    {
      "key": "groundHeightLocal @ PlanetFrame.js:169",
      "msPerSec": 0.582,
      "pct": 0.06
    },
    {
      "key": "f.groundHeightLocal @ :13",
      "msPerSec": 0.062,
      "pct": 0.01
    }
  ]
}
[physics] peak bodies 174/10240, peak active 0, contact manifolds 0/10240
